env: load .env
env: export EXPO_PUBLIC_CLERK_PUBLISHABLE_KEY EXPO_PUBLIC_GEMINI_API_KEY
› Auto signing app using team(s): 9CKZ5C5K3C, 9CKZ5C5K3C
› Planning build
› Preparing expo-updates Pods/ReachabilitySwift-ReachabilitySwift » ResourceBundle-ReachabilitySwift-ReachabilitySwift-Info.plist
    Run script build phase '[CP-User] [Hermes] Replace Hermes for the right configuration, if needed' will be run during every build because it does not specify any outputs. To address this issue, either add output dependencies to the script phase, or configure it to run in every build by unchecking "Based on dependency analysis" in the script phase. (in target 'hermes-engine' from project 'Pods')
› Executing react-native Pods/hermes-engine » [CP-User] [Hermes] Replace Hermes for the right configuration, if needed
› Executing react-native Pods/ReactNativeDependencies » [CP-User] [RNDeps] Replace React Native Dependencies for the right configuration, if needed
› Preparing Pods/PromisesObjC-FBLPromises_Privacy » ResourceBundle-FBLPromises_Privacy-PromisesObjC-Info.plist
› Preparing Pods/GoogleUtilities-GoogleUtilities_Privacy » ResourceBundle-GoogleUtilities_Privacy-GoogleUtilities-Info.plist
› Preparing Pods/GTMSessionFetcher-GTMSessionFetcher_Core_Privacy » ResourceBundle-GTMSessionFetcher_Core_Privacy-GTMSessionFetcher-Info.plist
› Preparing Pods/AppAuth-AppAuthCore_Privacy » ResourceBundle-AppAuthCore_Privacy-AppAuth-Info.plist
› Preparing Pods/expo-dev-menu-EXDevMenu » ResourceBundle-EXDevMenu-expo-dev-menu-Info.plist
› Preparing Pods/React-cxxreact-React-cxxreact_privacy » ResourceBundle-React-cxxreact_privacy-React-cxxreact-Info.plist
› Preparing Pods/React-Core-React-Core_privacy » ResourceBundle-React-Core_privacy-React-Core-Info.plist
› Preparing Pods/expo-dev-launcher-EXDevLauncher » ResourceBundle-EXDevLauncher-expo-dev-launcher-Info.plist
› Preparing Pods/RNSVG-RNSVGFilters » ResourceBundle-RNSVGFilters-RNSVG-Info.plist
› Preparing Pods/RNCAsyncStorage-RNCAsyncStorage_resources » ResourceBundle-RNCAsyncStorage_resources-RNCAsyncStorage-Info.plist
› Preparing @react-native-google-signin/google-signin Pods/GoogleSignIn-GoogleSignIn » ResourceBundle-GoogleSignIn-GoogleSignIn-Info.plist
› Preparing Pods/GTMAppAuth-GTMAppAuth_Privacy » ResourceBundle-GTMAppAuth_Privacy-GTMAppAuth-Info.plist
› Preparing Pods/ExpoFileSystem-ExpoFileSystem_privacy » ResourceBundle-ExpoFileSystem_privacy-ExpoFileSystem-Info.plist
› Preparing Pods/ExpoDevice-ExpoDevice_privacy » ResourceBundle-ExpoDevice_privacy-ExpoDevice-Info.plist
› Preparing expo-updates Pods/EXUpdates-EXUpdates » ResourceBundle-EXUpdates-EXUpdates-Info.plist
› Preparing Pods/EXNotifications-ExpoNotifications_privacy » ResourceBundle-ExpoNotifications_privacy-EXNotifications-Info.plist
› Preparing Pods/EXConstants-ExpoConstants_privacy » ResourceBundle-ExpoConstants_privacy-EXConstants-Info.plist
› Preparing expo-constants Pods/EXConstants-EXConstants » ResourceBundle-EXConstants-EXConstants-Info.plist
› Preparing Pods/EXApplication-ExpoApplication_privacy » ResourceBundle-ExpoApplication_privacy-EXApplication-Info.plist
› Compiling @react-native-google-signin/google-signin Pods/GoogleSignIn » GIDAuthentication.m
› Compiling @react-native-google-signin/google-signin Pods/GoogleSignIn » GIDAppCheck.m
› Compiling @react-native-google-signin/google-signin Pods/GoogleSignIn » GIDAuthStateMigration.m
› Compiling @react-native-google-signin/google-signin Pods/GoogleSignIn » GIDAppCheckProviderFake.m
› Compiling @react-native-google-signin/google-signin Pods/GoogleSignIn » GIDActivityIndicatorViewController.m
› Executing react-native Pods/React-Core-prebuilt » [CP-User] [RNDeps] Replace React Native Core for the right configuration, if needed

❌  (/Users/amerurux/Documents/money-app/dnanir-app/targets/widget/index.swift:205:18)

  203 |         AppIntentConfiguration(kind: kind, intent: ConfigurationAppIntent.self, provider: Provider()) { entry in
  204 |             WidgetEntryView(entry: entry)
> 205 |                 .containerBackground(
      |                  ^ instance method 'containerBackground' requires that 'ZStack<TupleView<(Color, RadialGradient, RadialGradient)>>' conform to 'ShapeStyle'
  206 |                     ZStack {
  207 |                         Color(red: 0.02, green: 0.05, blue: 0.1)
  208 |                         

› Packaging @react-native-google-signin/google-signin Pods/GoogleSignIn » libGoogleSignIn.a
› Executing react-native Pods/React-Core-prebuilt » [CP] Copy XCFrameworks
    Run script build phase '[CP-User] Generate updates resources for expo-updates' will be run during every build because it does not specify any outputs. To address this issue, either add output dependencies to the script phase, or configure it to run in every build by unchecking "Based on dependency analysis" in the script phase. (in target 'EXUpdates' from project 'Pods')

› 1 error(s), and 2 warning(s)

CommandError: Failed to build iOS project. "xcodebuild" exited with error code 65.
